Sensitivity sweep: (20, 55, 85) threshold percentiles x (0.5, 0.2, 0.1) suppression levels, 250 reps, 10yr horizon, iota_hat driver only

=== sensitivity point: eps=0.15 (eps=0.15) ===
  iota_hat thresholds (p[20, 55, 85]): [0.27478 0.29976 0.32187]
  phi thresholds (p[20, 55, 85]): [0.28761 0.30652 0.32496]
    driver=iota_hat T=0.27478 S=0.50 effort=0.0614 active_frac=0.1228 symp_trig=11004406 cases_averted=1892727 cases_averted_const=1776845 rate_trig=0.04710 rate_const=0.00543 episodes=584.4  (51.5s)
    driver=iota_hat T=0.27478 S=0.20 effort=0.0500 active_frac=0.2498 symp_trig=11448368 cases_averted=1448766 cases_averted_const=1428932 rate_trig=0.01772 rate_const=0.00437 episodes=938.6  (50.5s)
    driver=iota_hat T=0.27478 S=0.10 effort=0.0408 active_frac=0.4076 symp_trig=11755933 cases_averted=1141201 cases_averted_const=1154709 rate_trig=0.00856 rate_const=0.00353 episodes=1000.0  (50.0s)
    driver=iota_hat T=0.29976 S=0.50 effort=0.0397 active_frac=0.0795 symp_trig=11700677 cases_averted=1196457 cases_averted_const=1125243 rate_trig=0.04601 rate_const=0.00344 episodes=411.9  (50.7s)
    driver=iota_hat T=0.29976 S=0.20 effort=0.0277 active_frac=0.1386 symp_trig=12107513 cases_averted=789621 cases_averted_const=776516 rate_trig=0.01740 rate_const=0.00237 episodes=635.1  (51.7s)
    driver=iota_hat T=0.29976 S=0.10 effort=0.0216 active_frac=0.2156 symp_trig=12300997 cases_averted=596137 cases_averted_const=599670 rate_trig=0.00845 rate_const=0.00183 episodes=774.2  (51.4s)
    driver=iota_hat T=0.32187 S=0.50 effort=0.0198 active_frac=0.0395 symp_trig=12318651 cases_averted=578483 cases_averted_const=548992 rate_trig=0.04475 rate_const=0.00168 episodes=270.2  (51.7s)
    driver=iota_hat T=0.32187 S=0.20 effort=0.0118 active_frac=0.0592 symp_trig=12565777 cases_averted=331357 cases_averted_const=326929 rate_trig=0.01709 rate_const=0.00100 episodes=370.2  (51.6s)
    driver=iota_hat T=0.32187 S=0.10 effort=0.0080 active_frac=0.0797 symp_trig=12678471 cases_averted=218663 cases_averted_const=218796 rate_trig=0.00839 rate_const=0.00067 episodes=448.8  (50.1s)
  eps=0.15 done in 491.0s

=== sensitivity point: eps=0.3 (eps=0.3) ===
  iota_hat thresholds (p[20, 55, 85]): [0.2779  0.30065 0.32118]
  phi thresholds (p[20, 55, 85]): [0.2878  0.30659 0.32517]
    driver=iota_hat T=0.2779 S=0.50 effort=0.0570 active_frac=0.1141 symp_trig=11182315 cases_averted=1746396 cases_averted_const=1639066 rate_trig=0.04677 rate_const=0.00501 episodes=538.6  (50.0s)
    driver=iota_hat T=0.2779 S=0.20 effort=0.0470 active_frac=0.2349 symp_trig=11571169 cases_averted=1357542 cases_averted_const=1336504 rate_trig=0.01766 rate_const=0.00408 episodes=868.1  (50.1s)
    driver=iota_hat T=0.2779 S=0.10 effort=0.0390 active_frac=0.3899 symp_trig=11840335 cases_averted=1088376 cases_averted_const=1100771 rate_trig=0.00853 rate_const=0.00336 episodes=908.9  (49.7s)
    driver=iota_hat T=0.30065 S=0.50 effort=0.0369 active_frac=0.0737 symp_trig=11826653 cases_averted=1102058 cases_averted_const=1038487 rate_trig=0.04566 rate_const=0.00317 episodes=374.0  (49.5s)
    driver=iota_hat T=0.30065 S=0.20 effort=0.0263 active_frac=0.1316 symp_trig=12178589 cases_averted=750122 cases_averted_const=734214 rate_trig=0.01741 rate_const=0.00224 episodes=581.9  (49.3s)
    driver=iota_hat T=0.30065 S=0.10 effort=0.0209 active_frac=0.2090 symp_trig=12351946 cases_averted=576765 cases_averted_const=579519 rate_trig=0.00843 rate_const=0.00177 episodes=709.4  (49.2s)
    driver=iota_hat T=0.32118 S=0.50 effort=0.0185 active_frac=0.0369 symp_trig=12389126 cases_averted=539585 cases_averted_const=510688 rate_trig=0.04466 rate_const=0.00156 episodes=249.3  (49.3s)
    driver=iota_hat T=0.32118 S=0.20 effort=0.0114 active_frac=0.0568 symp_trig=12610278 cases_averted=318433 cases_averted_const=311889 rate_trig=0.01714 rate_const=0.00095 episodes=341.5  (49.2s)
    driver=iota_hat T=0.32118 S=0.10 effort=0.0079 active_frac=0.0787 symp_trig=12712636 cases_averted=216075 cases_averted_const=215940 rate_trig=0.00839 rate_const=0.00066 episodes=421.8  (49.0s)
  eps=0.3 done in 475.2s

=== sensitivity point: eps=0.5 (eps=0.5) ===
  iota_hat thresholds (p[20, 55, 85]): [0.28052 0.30179 0.32159]
  phi thresholds (p[20, 55, 85]): [0.28781 0.30651 0.32519]
    driver=iota_hat T=0.28052 S=0.50 effort=0.0539 active_frac=0.1079 symp_trig=11300171 cases_averted=1644346 cases_averted_const=1543521 rate_trig=0.04657 rate_const=0.00472 episodes=470.7  (49.6s)
    driver=iota_hat T=0.28052 S=0.20 effort=0.0444 active_frac=0.2219 symp_trig=11662509 cases_averted=1282007 cases_averted_const=1258529 rate_trig=0.01765 rate_const=0.00385 episodes=763.9  (49.5s)
    driver=iota_hat T=0.28052 S=0.10 effort=0.0373 active_frac=0.3732 symp_trig=11901245 cases_averted=1043272 cases_averted_const=1050849 rate_trig=0.00854 rate_const=0.00321 episodes=787.4  (49.3s)
    driver=iota_hat T=0.30179 S=0.50 effort=0.0353 active_frac=0.0706 symp_trig=11891575 cases_averted=1052941 cases_averted_const=991525 rate_trig=0.04560 rate_const=0.00303 episodes=327.1  (49.3s)
    driver=iota_hat T=0.30179 S=0.20 effort=0.0250 active_frac=0.1248 symp_trig=12234490 cases_averted=710027 cases_averted_const=694386 rate_trig=0.01738 rate_const=0.00212 episodes=507.3  (49.1s)
    driver=iota_hat T=0.30179 S=0.10 effort=0.0201 active_frac=0.2014 symp_trig=12387805 cases_averted=556711 cases_averted_const=557659 rate_trig=0.00844 rate_const=0.00170 episodes=622.7  (49.3s)
    driver=iota_hat T=0.32159 S=0.50 effort=0.0174 active_frac=0.0348 symp_trig=12438835 cases_averted=505681 cases_averted_const=480933 rate_trig=0.04439 rate_const=0.00147 episodes=222.8  (51.3s)
    driver=iota_hat T=0.32159 S=0.20 effort=0.0106 active_frac=0.0532 symp_trig=12647426 cases_averted=297090 cases_averted_const=291773 rate_trig=0.01707 rate_const=0.00089 episodes=303.7  (48.8s)
    driver=iota_hat T=0.32159 S=0.10 effort=0.0073 active_frac=0.0731 symp_trig=12744055 cases_averted=200461 cases_averted_const=200044 rate_trig=0.00838 rate_const=0.00061 episodes=378.4  (48.8s)
  eps=0.5 done in 474.8s

=== sensitivity point: rho=0.075 (eps=0.3) ===
  iota_hat thresholds (p[20, 55, 85]): [0.26506 0.29715 0.32512]
  phi thresholds (p[20, 55, 85]): [0.28772 0.30645 0.32508]
    driver=iota_hat T=0.26506 S=0.50 effort=0.0753 active_frac=0.1507 symp_trig=10619424 cases_averted=2309658 cases_averted_const=2206386 rate_trig=0.04684 rate_const=0.00674 episodes=808.4  (50.3s)
    driver=iota_hat T=0.26506 S=0.20 effort=0.0608 active_frac=0.3041 symp_trig=11177946 cases_averted=1751137 cases_averted_const=1755364 rate_trig=0.01759 rate_const=0.00536 episodes=1186.3  (50.2s)
    driver=iota_hat T=0.26506 S=0.10 effort=0.0471 active_frac=0.4712 symp_trig=11624879 cases_averted=1304203 cases_averted_const=1341521 rate_trig=0.00846 rate_const=0.00410 episodes=1255.3  (49.7s)
    driver=iota_hat T=0.29715 S=0.50 effort=0.0445 active_frac=0.0889 symp_trig=11592215 cases_averted=1336867 cases_averted_const=1262745 rate_trig=0.04594 rate_const=0.00386 episodes=562.8  (49.7s)
    driver=iota_hat T=0.29715 S=0.20 effort=0.0324 active_frac=0.1619 symp_trig=12008575 cases_averted=920507 cases_averted_const=908836 rate_trig=0.01738 rate_const=0.00278 episodes=837.2  (49.4s)
    driver=iota_hat T=0.29715 S=0.10 effort=0.0240 active_frac=0.2395 symp_trig=12270395 cases_averted=658687 cases_averted_const=667269 rate_trig=0.00840 rate_const=0.00204 episodes=991.8  (49.3s)
    driver=iota_hat T=0.32512 S=0.50 effort=0.0208 active_frac=0.0417 symp_trig=12307771 cases_averted=621311 cases_averted_const=577747 rate_trig=0.04558 rate_const=0.00177 episodes=334.5  (49.0s)
    driver=iota_hat T=0.32512 S=0.20 effort=0.0130 active_frac=0.0652 symp_trig=12556847 cases_averted=372235 cases_averted_const=359395 rate_trig=0.01745 rate_const=0.00110 episodes=460.6  (48.9s)
    driver=iota_hat T=0.32512 S=0.10 effort=0.0086 active_frac=0.0862 symp_trig=12688675 cases_averted=240407 cases_averted_const=236635 rate_trig=0.00852 rate_const=0.00072 episodes=547.7  (48.7s)
  rho=0.075 done in 474.7s

=== sensitivity point: rho=0.15 (eps=0.3) ===
  iota_hat thresholds (p[20, 55, 85]): [0.2777  0.30074 0.32196]
  phi thresholds (p[20, 55, 85]): [0.28771 0.3065  0.32514]
    driver=iota_hat T=0.2777 S=0.50 effort=0.0573 active_frac=0.1147 symp_trig=11172951 cases_averted=1756430 cases_averted_const=1648653 rate_trig=0.04681 rate_const=0.00504 episodes=536.5  (50.0s)
    driver=iota_hat T=0.2777 S=0.20 effort=0.0471 active_frac=0.2357 symp_trig=11564466 cases_averted=1364915 cases_averted_const=1341986 rate_trig=0.01769 rate_const=0.00410 episodes=861.1  (49.7s)
    driver=iota_hat T=0.2777 S=0.10 effort=0.0392 active_frac=0.3916 symp_trig=11835078 cases_averted=1094303 cases_averted_const=1106076 rate_trig=0.00854 rate_const=0.00338 episodes=904.2  (49.5s)
    driver=iota_hat T=0.30074 S=0.50 effort=0.0370 active_frac=0.0739 symp_trig=11823005 cases_averted=1106376 cases_averted_const=1042803 rate_trig=0.04573 rate_const=0.00319 episodes=373.1  (49.5s)
    driver=iota_hat T=0.30074 S=0.20 effort=0.0264 active_frac=0.1318 symp_trig=12177696 cases_averted=751686 cases_averted_const=735636 rate_trig=0.01743 rate_const=0.00225 episodes=579.1  (49.2s)
    driver=iota_hat T=0.30074 S=0.10 effort=0.0209 active_frac=0.2093 symp_trig=12351086 cases_averted=578295 cases_averted_const=580914 rate_trig=0.00844 rate_const=0.00178 episodes=702.7  (49.3s)
    driver=iota_hat T=0.32196 S=0.50 effort=0.0179 active_frac=0.0357 symp_trig=12406341 cases_averted=523041 cases_averted_const=493973 rate_trig=0.04474 rate_const=0.00151 episodes=243.8  (49.2s)
    driver=iota_hat T=0.32196 S=0.20 effort=0.0110 active_frac=0.0551 symp_trig=12619516 cases_averted=309865 cases_averted_const=302523 rate_trig=0.01719 rate_const=0.00092 episodes=333.0  (49.1s)
    driver=iota_hat T=0.32196 S=0.10 effort=0.0075 active_frac=0.0750 symp_trig=12722784 cases_averted=206597 cases_averted_const=206076 rate_trig=0.00841 rate_const=0.00063 episodes=409.2  (49.0s)
  rho=0.15 done in 474.4s

=== sensitivity point: rho=0.3 (eps=0.3) ===
  iota_hat thresholds (p[20, 55, 85]): [0.28351 0.30293 0.32167]
  phi thresholds (p[20, 55, 85]): [0.28767 0.30647 0.32506]
    driver=iota_hat T=0.28351 S=0.50 effort=0.0485 active_frac=0.0970 symp_trig=11429403 cases_averted=1499036 cases_averted_const=1381933 rate_trig=0.04722 rate_const=0.00422 episodes=339.0  (49.8s)
    driver=iota_hat T=0.28351 S=0.20 effort=0.0413 active_frac=0.2063 symp_trig=11736460 cases_averted=1191978 cases_averted_const=1166624 rate_trig=0.01766 rate_const=0.00356 episodes=579.0  (49.5s)
    driver=iota_hat T=0.28351 S=0.10 effort=0.0351 active_frac=0.3509 symp_trig=11939530 cases_averted=988909 cases_averted_const=986309 rate_trig=0.00861 rate_const=0.00301 episodes=538.6  (49.6s)
    driver=iota_hat T=0.30293 S=0.50 effort=0.0368 active_frac=0.0737 symp_trig=11822466 cases_averted=1105972 cases_averted_const=1037231 rate_trig=0.04587 rate_const=0.00317 episodes=253.9  (49.5s)
    driver=iota_hat T=0.30293 S=0.20 effort=0.0230 active_frac=0.1151 symp_trig=12269912 cases_averted=658526 cases_averted_const=639065 rate_trig=0.01749 rate_const=0.00195 episodes=353.1  (49.1s)
    driver=iota_hat T=0.30293 S=0.10 effort=0.0193 active_frac=0.1925 symp_trig=12393877 cases_averted=534562 cases_averted_const=532517 rate_trig=0.00848 rate_const=0.00163 episodes=454.8  (49.1s)
    driver=iota_hat T=0.32167 S=0.50 effort=0.0174 active_frac=0.0348 symp_trig=12427890 cases_averted=500548 cases_averted_const=480486 rate_trig=0.04396 rate_const=0.00147 episodes=199.5  (49.0s)
    driver=iota_hat T=0.32167 S=0.20 effort=0.0105 active_frac=0.0526 symp_trig=12638704 cases_averted=289734 cases_averted_const=288445 rate_trig=0.01682 rate_const=0.00088 episodes=259.5  (49.1s)
    driver=iota_hat T=0.32167 S=0.10 effort=0.0070 active_frac=0.0704 symp_trig=12737244 cases_averted=191194 cases_averted_const=192220 rate_trig=0.00830 rate_const=0.00059 episodes=313.4  (49.0s)
  rho=0.3 done in 473.5s

=== sensitivity point: nu0=0.03 (eps=0.3) ===
  iota_hat thresholds (p[20, 55, 85]): [0.2811  0.30208 0.32141]
  phi thresholds (p[20, 55, 85]): [0.28775 0.30649 0.32508]
    driver=iota_hat T=0.2811 S=0.50 effort=0.0525 active_frac=0.1049 symp_trig=11317185 cases_averted=1611924 cases_averted_const=1501891 rate_trig=0.04693 rate_const=0.00459 episodes=439.1  (49.9s)
    driver=iota_hat T=0.2811 S=0.20 effort=0.0436 active_frac=0.2179 symp_trig=11667909 cases_averted=1261200 cases_averted_const=1236711 rate_trig=0.01769 rate_const=0.00378 episodes=723.4  (49.4s)
    driver=iota_hat T=0.2811 S=0.10 effort=0.0369 active_frac=0.3688 symp_trig=11893266 cases_averted=1035843 cases_averted_const=1039163 rate_trig=0.00858 rate_const=0.00318 episodes=721.1  (49.5s)
    driver=iota_hat T=0.30208 S=0.50 effort=0.0360 active_frac=0.0720 symp_trig=11850044 cases_averted=1079064 cases_averted_const=1014494 rate_trig=0.04576 rate_const=0.00310 episodes=309.9  (49.4s)
    driver=iota_hat T=0.30208 S=0.20 effort=0.0245 active_frac=0.1223 symp_trig=12230631 cases_averted=698477 cases_averted_const=681336 rate_trig=0.01745 rate_const=0.00208 episodes=469.3  (49.4s)
    driver=iota_hat T=0.30208 S=0.10 effort=0.0200 active_frac=0.2003 symp_trig=12374255 cases_averted=554854 cases_averted_const=555337 rate_trig=0.00846 rate_const=0.00170 episodes=580.5  (49.0s)
    driver=iota_hat T=0.32141 S=0.50 effort=0.0178 active_frac=0.0357 symp_trig=12409492 cases_averted=519617 cases_averted_const=493858 rate_trig=0.04450 rate_const=0.00151 episodes=218.3  (49.0s)
    driver=iota_hat T=0.32141 S=0.20 effort=0.0108 active_frac=0.0541 symp_trig=12626972 cases_averted=302137 cases_averted_const=297509 rate_trig=0.01708 rate_const=0.00091 episodes=297.6  (48.8s)
    driver=iota_hat T=0.32141 S=0.10 effort=0.0075 active_frac=0.0746 symp_trig=12725228 cases_averted=203881 cases_averted_const=204107 rate_trig=0.00835 rate_const=0.00062 episodes=366.2  (49.3s)
  nu0=0.03 done in 473.6s

=== sensitivity point: nu0=0.06 (eps=0.3) ===
  iota_hat thresholds (p[20, 55, 85]): [0.27772 0.30049 0.32153]
  phi thresholds (p[20, 55, 85]): [0.28779 0.30653 0.3251 ]
    driver=iota_hat T=0.27772 S=0.50 effort=0.0573 active_frac=0.1145 symp_trig=11176742 cases_averted=1752630 cases_averted_const=1647164 rate_trig=0.04676 rate_const=0.00503 episodes=541.0  (50.0s)
    driver=iota_hat T=0.27772 S=0.20 effort=0.0471 active_frac=0.2357 symp_trig=11565457 cases_averted=1363915 cases_averted_const=1342246 rate_trig=0.01768 rate_const=0.00410 episodes=865.9  (49.8s)
    driver=iota_hat T=0.27772 S=0.10 effort=0.0391 active_frac=0.3914 symp_trig=11835949 cases_averted=1093424 cases_averted_const=1105621 rate_trig=0.00854 rate_const=0.00338 episodes=905.5  (49.5s)
    driver=iota_hat T=0.30049 S=0.50 effort=0.0370 active_frac=0.0740 symp_trig=11822449 cases_averted=1106923 cases_averted_const=1042646 rate_trig=0.04572 rate_const=0.00319 episodes=378.4  (49.5s)
    driver=iota_hat T=0.30049 S=0.20 effort=0.0265 active_frac=0.1325 symp_trig=12174512 cases_averted=754861 cases_averted_const=739696 rate_trig=0.01741 rate_const=0.00226 episodes=583.8  (49.4s)
    driver=iota_hat T=0.30049 S=0.10 effort=0.0211 active_frac=0.2107 symp_trig=12348006 cases_averted=581367 cases_averted_const=584979 rate_trig=0.00843 rate_const=0.00179 episodes=706.0  (49.3s)
    driver=iota_hat T=0.32153 S=0.50 effort=0.0181 active_frac=0.0361 symp_trig=12400036 cases_averted=529336 cases_averted_const=499640 rate_trig=0.04477 rate_const=0.00153 episodes=243.4  (47.9s)
    driver=iota_hat T=0.32153 S=0.20 effort=0.0112 active_frac=0.0562 symp_trig=12613459 cases_averted=315913 cases_averted_const=308575 rate_trig=0.01719 rate_const=0.00094 episodes=338.1  (47.1s)
    driver=iota_hat T=0.32153 S=0.10 effort=0.0077 active_frac=0.0770 symp_trig=12717244 cases_averted=212128 cases_averted_const=210676 rate_trig=0.00842 rate_const=0.00064 episodes=417.3  (46.9s)
  nu0=0.06 done in 469.0s

=== sensitivity point: nu0=0.12 (eps=0.3) ===
  iota_hat thresholds (p[20, 55, 85]): [0.27344 0.29919 0.32231]
  phi thresholds (p[20, 55, 85]): [0.28772 0.30651 0.32514]
    driver=iota_hat T=0.27344 S=0.50 effort=0.0638 active_frac=0.1276 symp_trig=10977422 cases_averted=1951972 cases_averted_const=1845783 rate_trig=0.04674 rate_const=0.00564 episodes=659.8  (48.0s)
    driver=iota_hat T=0.27344 S=0.20 effort=0.0522 active_frac=0.2609 symp_trig=11424216 cases_averted=1505178 cases_averted_const=1493351 rate_trig=0.01763 rate_const=0.00456 episodes=1018.0  (47.6s)
    driver=iota_hat T=0.27344 S=0.10 effort=0.0420 active_frac=0.4198 symp_trig=11763560 cases_averted=1165834 cases_averted_const=1188857 rate_trig=0.00849 rate_const=0.00363 episodes=1098.4  (47.4s)
    driver=iota_hat T=0.29919 S=0.50 effort=0.0397 active_frac=0.0793 symp_trig=11740696 cases_averted=1188697 cases_averted_const=1121176 rate_trig=0.04580 rate_const=0.00343 episodes=458.6  (47.3s)
    driver=iota_hat T=0.29919 S=0.20 effort=0.0289 active_frac=0.1444 symp_trig=12106711 cases_averted=822683 cases_averted_const=807646 rate_trig=0.01741 rate_const=0.00247 episodes=701.7  (47.1s)
    driver=iota_hat T=0.29919 S=0.10 effort=0.0221 active_frac=0.2213 symp_trig=12319131 cases_averted=610263 cases_averted_const=614841 rate_trig=0.00843 rate_const=0.00188 episodes=849.2  (47.1s)
    driver=iota_hat T=0.32231 S=0.50 effort=0.0194 active_frac=0.0388 symp_trig=12356835 cases_averted=572558 cases_averted_const=537694 rate_trig=0.04511 rate_const=0.00164 episodes=283.4  (47.0s)
    driver=iota_hat T=0.32231 S=0.20 effort=0.0121 active_frac=0.0606 symp_trig=12585468 cases_averted=343925 cases_averted_const=333941 rate_trig=0.01733 rate_const=0.00102 episodes=399.6  (47.0s)
    driver=iota_hat T=0.32231 S=0.10 effort=0.0083 active_frac=0.0825 symp_trig=12700441 cases_averted=228953 cases_averted_const=226454 rate_trig=0.00848 rate_const=0.00069 episodes=483.2  (47.0s)
  nu0=0.12 done in 453.9s

=== sensitivity point: kappa=0.15 (eps=0.3) ===
  iota_hat thresholds (p[20, 55, 85]): [0.28083 0.30321 0.32372]
  phi thresholds (p[20, 55, 85]): [0.2877  0.30648 0.32505]
    driver=iota_hat T=0.28083 S=0.50 effort=0.0561 active_frac=0.1122 symp_trig=11206123 cases_averted=1722821 cases_averted_const=1610905 rate_trig=0.04692 rate_const=0.00492 episodes=535.8  (47.9s)
    driver=iota_hat T=0.28083 S=0.20 effort=0.0462 active_frac=0.2309 symp_trig=11589649 cases_averted=1339295 cases_averted_const=1313779 rate_trig=0.01772 rate_const=0.00401 episodes=856.2  (47.8s)
    driver=iota_hat T=0.28083 S=0.10 effort=0.0383 active_frac=0.3828 symp_trig=11856453 cases_averted=1072491 cases_averted_const=1079837 rate_trig=0.00856 rate_const=0.00330 episodes=905.1  (48.0s)
    driver=iota_hat T=0.30321 S=0.50 effort=0.0365 active_frac=0.0730 symp_trig=11832265 cases_averted=1096679 cases_averted_const=1027744 rate_trig=0.04591 rate_const=0.00314 episodes=377.9  (49.6s)
    driver=iota_hat T=0.30321 S=0.20 effort=0.0260 active_frac=0.1301 symp_trig=12183772 cases_averted=745172 cases_averted_const=725480 rate_trig=0.01751 rate_const=0.00222 episodes=582.6  (49.3s)
    driver=iota_hat T=0.30321 S=0.10 effort=0.0206 active_frac=0.2063 symp_trig=12356067 cases_averted=572878 cases_averted_const=572204 rate_trig=0.00849 rate_const=0.00175 episodes=709.5  (48.4s)
    driver=iota_hat T=0.32372 S=0.50 effort=0.0180 active_frac=0.0359 symp_trig=12398123 cases_averted=530821 cases_averted_const=496917 rate_trig=0.04513 rate_const=0.00152 episodes=246.1  (48.4s)
    driver=iota_hat T=0.32372 S=0.20 effort=0.0111 active_frac=0.0557 symp_trig=12613896 cases_averted=315048 cases_averted_const=306660 rate_trig=0.01728 rate_const=0.00094 episodes=342.3  (47.2s)
    driver=iota_hat T=0.32372 S=0.10 effort=0.0077 active_frac=0.0774 symp_trig=12715377 cases_averted=213567 cases_averted_const=211620 rate_trig=0.00843 rate_const=0.00065 episodes=420.9  (47.3s)
  kappa=0.15 done in 462.4s

=== sensitivity point: kappa=0.3 (eps=0.3) ===
  iota_hat thresholds (p[20, 55, 85]): [0.27825 0.30092 0.32173]
  phi thresholds (p[20, 55, 85]): [0.28777 0.30653 0.325  ]
    driver=iota_hat T=0.27825 S=0.50 effort=0.0566 active_frac=0.1132 symp_trig=11196016 cases_averted=1732635 cases_averted_const=1626462 rate_trig=0.04676 rate_const=0.00497 episodes=537.9  (47.9s)
    driver=iota_hat T=0.27825 S=0.20 effort=0.0466 active_frac=0.2329 symp_trig=11581450 cases_averted=1347201 cases_averted_const=1324380 rate_trig=0.01767 rate_const=0.00405 episodes=861.6  (47.7s)
    driver=iota_hat T=0.27825 S=0.10 effort=0.0386 active_frac=0.3865 symp_trig=11849583 cases_averted=1079068 cases_averted_const=1090457 rate_trig=0.00853 rate_const=0.00333 episodes=904.1  (47.4s)
    driver=iota_hat T=0.30092 S=0.50 effort=0.0366 active_frac=0.0733 symp_trig=11834520 cases_averted=1094131 cases_averted_const=1032151 rate_trig=0.04562 rate_const=0.00315 episodes=373.2  (47.4s)
    driver=iota_hat T=0.30092 S=0.20 effort=0.0261 active_frac=0.1304 symp_trig=12185708 cases_averted=742943 cases_averted_const=726931 rate_trig=0.01740 rate_const=0.00222 episodes=577.0  (47.4s)
    driver=iota_hat T=0.30092 S=0.10 effort=0.0207 active_frac=0.2071 symp_trig=12357070 cases_averted=571581 cases_averted_const=574067 rate_trig=0.00843 rate_const=0.00175 episodes=706.1  (47.6s)
    driver=iota_hat T=0.32173 S=0.50 effort=0.0179 active_frac=0.0357 symp_trig=12406042 cases_averted=522609 cases_averted_const=493772 rate_trig=0.04470 rate_const=0.00151 episodes=243.5  (48.0s)
    driver=iota_hat T=0.32173 S=0.20 effort=0.0110 active_frac=0.0549 symp_trig=12620338 cases_averted=308313 cases_averted_const=301356 rate_trig=0.01716 rate_const=0.00092 episodes=337.2  (47.6s)
    driver=iota_hat T=0.32173 S=0.10 effort=0.0076 active_frac=0.0758 symp_trig=12721094 cases_averted=207557 cases_averted_const=207501 rate_trig=0.00837 rate_const=0.00063 episodes=412.4  (47.2s)
  kappa=0.3 done in 456.9s

=== sensitivity point: kappa=0.6 (eps=0.3) ===
  iota_hat thresholds (p[20, 55, 85]): [0.27274 0.29567 0.31647]
  phi thresholds (p[20, 55, 85]): [0.28776 0.30648 0.32514]
    driver=iota_hat T=0.27274 S=0.50 effort=0.0583 active_frac=0.1167 symp_trig=11158039 cases_averted=1770990 cases_averted_const=1678581 rate_trig=0.04639 rate_const=0.00513 episodes=539.2  (48.3s)
    driver=iota_hat T=0.27274 S=0.20 effort=0.0481 active_frac=0.2403 symp_trig=11549621 cases_averted=1379408 cases_averted_const=1368967 rate_trig=0.01754 rate_const=0.00418 episodes=864.3  (48.5s)
    driver=iota_hat T=0.27274 S=0.10 effort=0.0397 active_frac=0.3975 symp_trig=11825737 cases_averted=1103292 cases_averted_const=1122874 rate_trig=0.00848 rate_const=0.00343 episodes=903.6  (48.7s)
    driver=iota_hat T=0.29567 S=0.50 effort=0.0375 active_frac=0.0751 symp_trig=11813947 cases_averted=1115082 cases_averted_const=1058458 rate_trig=0.04538 rate_const=0.00323 episodes=370.8  (47.9s)
    driver=iota_hat T=0.29567 S=0.20 effort=0.0269 active_frac=0.1347 symp_trig=12168412 cases_averted=760617 cases_averted_const=751821 rate_trig=0.01726 rate_const=0.00230 episodes=577.8  (47.9s)
    driver=iota_hat T=0.29567 S=0.10 effort=0.0215 active_frac=0.2146 symp_trig=12341528 cases_averted=587501 cases_averted_const=595467 rate_trig=0.00836 rate_const=0.00182 episodes=705.7  (48.2s)
    driver=iota_hat T=0.31647 S=0.50 effort=0.0191 active_frac=0.0382 symp_trig=12379618 cases_averted=549411 cases_averted_const=528527 rate_trig=0.04399 rate_const=0.00161 episodes=240.5  (47.9s)
    driver=iota_hat T=0.31647 S=0.20 effort=0.0117 active_frac=0.0586 symp_trig=12604459 cases_averted=324570 cases_averted_const=321948 rate_trig=0.01693 rate_const=0.00098 episodes=334.0  (47.8s)
    driver=iota_hat T=0.31647 S=0.10 effort=0.0081 active_frac=0.0810 symp_trig=12709825 cases_averted=219204 cases_averted_const=222256 rate_trig=0.00827 rate_const=0.00068 episodes=413.2  (48.1s)
  kappa=0.6 done in 462.0s

=== sensitivity point: seasonal_delta=0.044 (eps=0.3) ===
  iota_hat thresholds (p[20, 55, 85]): [0.28416 0.30163 0.31596]
  phi thresholds (p[20, 55, 85]): [0.29745 0.30732 0.31657]
    driver=iota_hat T=0.28416 S=0.50 effort=0.0489 active_frac=0.0978 symp_trig=11512829 cases_averted=1448138 cases_averted_const=1394709 rate_trig=0.04526 rate_const=0.00426 episodes=578.4  (48.7s)
    driver=iota_hat T=0.28416 S=0.20 effort=0.0387 active_frac=0.1937 symp_trig=11863984 cases_averted=1096984 cases_averted_const=1093234 rate_trig=0.01731 rate_const=0.00334 episodes=954.7  (48.4s)
    driver=iota_hat T=0.28416 S=0.10 effort=0.0323 active_frac=0.3235 symp_trig=12069321 cases_averted=891647 cases_averted_const=906982 rate_trig=0.00842 rate_const=0.00277 episodes=1200.8  (48.6s)
    driver=iota_hat T=0.30163 S=0.50 effort=0.0298 active_frac=0.0596 symp_trig=12085055 cases_averted=875913 cases_averted_const=833972 rate_trig=0.04491 rate_const=0.00255 episodes=405.6  (47.7s)
    driver=iota_hat T=0.30163 S=0.20 effort=0.0214 active_frac=0.1070 symp_trig=12356793 cases_averted=604175 cases_averted_const=594113 rate_trig=0.01725 rate_const=0.00182 episodes=638.4  (47.3s)
    driver=iota_hat T=0.30163 S=0.10 effort=0.0167 active_frac=0.1665 symp_trig=12502463 cases_averted=458504 cases_averted_const=459846 rate_trig=0.00841 rate_const=0.00141 episodes=844.1  (47.3s)
    driver=iota_hat T=0.31596 S=0.50 effort=0.0153 active_frac=0.0305 symp_trig=12510363 cases_averted=450605 cases_averted_const=421005 rate_trig=0.04514 rate_const=0.00129 episodes=256.9  (47.3s)
    driver=iota_hat T=0.31596 S=0.20 effort=0.0096 active_frac=0.0481 symp_trig=12687506 cases_averted=273462 cases_averted_const=263475 rate_trig=0.01736 rate_const=0.00081 episodes=373.6  (47.4s)
    driver=iota_hat T=0.31596 S=0.10 effort=0.0067 active_frac=0.0675 symp_trig=12772930 cases_averted=188038 cases_averted_const=184608 rate_trig=0.00852 rate_const=0.00056 episodes=474.0  (47.6s)
  seasonal_delta=0.044 done in 459.2s

=== sensitivity point: seasonal_delta=0.088 (eps=0.3) ===
  iota_hat thresholds (p[20, 55, 85]): [0.27811 0.30113 0.32168]
  phi thresholds (p[20, 55, 85]): [0.28778 0.30648 0.32511]
    driver=iota_hat T=0.27811 S=0.50 effort=0.0570 active_frac=0.1139 symp_trig=11185490 cases_averted=1743268 cases_averted_const=1637190 rate_trig=0.04675 rate_const=0.00500 episodes=538.0  (48.4s)
    driver=iota_hat T=0.27811 S=0.20 effort=0.0468 active_frac=0.2341 symp_trig=11575047 cases_averted=1353712 cases_averted_const=1331978 rate_trig=0.01767 rate_const=0.00407 episodes=858.4  (49.1s)
    driver=iota_hat T=0.27811 S=0.10 effort=0.0388 active_frac=0.3884 symp_trig=11843934 cases_averted=1084824 cases_averted_const=1095654 rate_trig=0.00854 rate_const=0.00335 episodes=902.9  (49.3s)
    driver=iota_hat T=0.30113 S=0.50 effort=0.0367 active_frac=0.0733 symp_trig=11832511 cases_averted=1096247 cases_averted_const=1032797 rate_trig=0.04567 rate_const=0.00316 episodes=370.5  (49.1s)
    driver=iota_hat T=0.30113 S=0.20 effort=0.0261 active_frac=0.1304 symp_trig=12186318 cases_averted=742441 cases_averted_const=726922 rate_trig=0.01739 rate_const=0.00222 episodes=575.0  (47.5s)
    driver=iota_hat T=0.30113 S=0.10 effort=0.0206 active_frac=0.2063 symp_trig=12358648 cases_averted=570110 cases_averted_const=571613 rate_trig=0.00845 rate_const=0.00175 episodes=701.6  (48.6s)
    driver=iota_hat T=0.32168 S=0.50 effort=0.0181 active_frac=0.0362 symp_trig=12396855 cases_averted=531904 cases_averted_const=500677 rate_trig=0.04484 rate_const=0.00153 episodes=244.2  (49.0s)
    driver=iota_hat T=0.32168 S=0.20 effort=0.0112 active_frac=0.0562 symp_trig=12614407 cases_averted=314351 cases_averted_const=308570 rate_trig=0.01710 rate_const=0.00094 episodes=338.8  (49.2s)
    driver=iota_hat T=0.32168 S=0.10 effort=0.0077 active_frac=0.0771 symp_trig=12717057 cases_averted=211702 cases_averted_const=210590 rate_trig=0.00839 rate_const=0.00064 episodes=414.3  (48.8s)
  seasonal_delta=0.088 done in 467.9s

=== sensitivity point: seasonal_delta=0.176 (eps=0.3) ===
  iota_hat thresholds (p[20, 55, 85]): [0.26213 0.2993  0.33538]
  phi thresholds (p[20, 55, 85]): [0.26804 0.30504 0.3417 ]
    driver=iota_hat T=0.26213 S=0.50 effort=0.0764 active_frac=0.1528 symp_trig=10346275 cases_averted=2474926 cases_averted_const=2235613 rate_trig=0.04948 rate_const=0.00683 episodes=473.3  (51.5s)
    driver=iota_hat T=0.26213 S=0.20 effort=0.0659 active_frac=0.3296 symp_trig=10837920 cases_averted=1983281 cases_averted_const=1908594 rate_trig=0.01839 rate_const=0.00583 episodes=556.0  (51.6s)
    driver=iota_hat T=0.26213 S=0.10 effort=0.0498 active_frac=0.4976 symp_trig=11420106 cases_averted=1401096 cases_averted_const=1417720 rate_trig=0.00860 rate_const=0.00433 episodes=436.9  (50.3s)
    driver=iota_hat T=0.2993 S=0.50 effort=0.0488 active_frac=0.0976 symp_trig=11283901 cases_averted=1537301 cases_averted_const=1390053 rate_trig=0.04812 rate_const=0.00425 episodes=299.0  (50.3s)
    driver=iota_hat T=0.2993 S=0.20 effort=0.0365 active_frac=0.1824 symp_trig=11753265 cases_averted=1067937 cases_averted_const=1025668 rate_trig=0.01789 rate_const=0.00313 episodes=445.4  (50.0s)
    driver=iota_hat T=0.2993 S=0.10 effort=0.0284 active_frac=0.2838 symp_trig=12030776 cases_averted=790426 cases_averted_const=791380 rate_trig=0.00851 rate_const=0.00242 episodes=440.9  (49.8s)
    driver=iota_hat T=0.33538 S=0.50 effort=0.0232 active_frac=0.0464 symp_trig=12142889 cases_averted=678312 cases_averted_const=644761 rate_trig=0.04463 rate_const=0.00197 episodes=233.8  (50.0s)
    driver=iota_hat T=0.33538 S=0.20 effort=0.0138 active_frac=0.0691 symp_trig=12436477 cases_averted=384725 cases_averted_const=380577 rate_trig=0.01701 rate_const=0.00116 episodes=301.4  (49.7s)
    driver=iota_hat T=0.33538 S=0.10 effort=0.0092 active_frac=0.0921 symp_trig=12571342 cases_averted=249859 cases_averted_const=252515 rate_trig=0.00829 rate_const=0.00077 episodes=351.5  (49.4s)
  seasonal_delta=0.176 done in 482.6s

Wrote sensitivity_grids.pkl (7051.1s total)
