Network: Ekiti road adjacency, 16 towns, eps=0.3, rho=0.15, 10yr horizon (fine scan)
  n_steps=10950, dt=0.01667, burn_in_steps=521
Deriving data-driven threshold grid from a diagnostic off run ...
  iota_hat thresholds (p[10, 30, 50, 70, 90]): [0.26718 0.28504 0.29757 0.3104  0.32564]
  phi thresholds (p[10, 30, 50, 70, 90]): [0.28454 0.2912  0.30286 0.31725 0.32686]

Sweeping trigger grid, driver=iota_hat ...
    driver=iota_hat T=0.26718 S=0.50 effort=0.0687 active_frac=0.1375 symp_trig=10815021 cases_averted=2113472 cases_averted_const=1997561 rate_trig=0.04698 rate_const=0.00610 episodes=622.8  (94.2s)
    driver=iota_hat T=0.26718 S=0.40 effort=0.0660 active_frac=0.1650 symp_trig=10933910 cases_averted=1994583 cases_averted_const=1913409 rate_trig=0.03694 rate_const=0.00585 episodes=708.7  (93.6s)
    driver=iota_hat T=0.26718 S=0.30 effort=0.0625 active_frac=0.2082 symp_trig=11073271 cases_averted=1855222 cases_averted_const=1804721 rate_trig=0.02722 rate_const=0.00551 episodes=825.3  (93.5s)
    driver=iota_hat T=0.26718 S=0.20 effort=0.0578 active_frac=0.2890 symp_trig=11245926 cases_averted=1682567 cases_averted_const=1662118 rate_trig=0.01779 rate_const=0.00508 episodes=974.9  (93.1s)
    driver=iota_hat T=0.26718 S=0.10 effort=0.0482 active_frac=0.4824 symp_trig=11575902 cases_averted=1352591 cases_averted_const=1373806 rate_trig=0.00857 rate_const=0.00420 episodes=945.2  (92.8s)
    driver=iota_hat T=0.28504 S=0.50 effort=0.0500 active_frac=0.1000 symp_trig=11404888 cases_averted=1523605 cases_averted_const=1427292 rate_trig=0.04654 rate_const=0.00436 episodes=483.2  (92.7s)
    driver=iota_hat T=0.28504 S=0.40 effort=0.0470 active_frac=0.1176 symp_trig=11520098 cases_averted=1408396 cases_averted_const=1338191 rate_trig=0.03659 rate_const=0.00409 episodes=549.3  (88.2s)
    driver=iota_hat T=0.28504 S=0.30 effort=0.0440 active_frac=0.1466 symp_trig=11636660 cases_averted=1291833 cases_averted_const=1247503 rate_trig=0.02693 rate_const=0.00381 episodes=645.7  (87.4s)
    driver=iota_hat T=0.28504 S=0.20 effort=0.0400 active_frac=0.2001 symp_trig=11776447 cases_averted=1152046 cases_averted_const=1130812 rate_trig=0.01759 rate_const=0.00346 episodes=776.1  (87.4s)
    driver=iota_hat T=0.28504 S=0.10 effort=0.0330 active_frac=0.3300 symp_trig=12010414 cases_averted=918079 cases_averted_const=925352 rate_trig=0.00850 rate_const=0.00283 episodes=861.0  (87.0s)
    driver=iota_hat T=0.29757 S=0.50 effort=0.0393 active_frac=0.0786 symp_trig=11747100 cases_averted=1181393 cases_averted_const=1110315 rate_trig=0.04590 rate_const=0.00339 episodes=394.7  (87.4s)
    driver=iota_hat T=0.29757 S=0.40 effort=0.0360 active_frac=0.0899 symp_trig=11863675 cases_averted=1064818 cases_averted_const=1011657 rate_trig=0.03620 rate_const=0.00309 episodes=440.4  (87.1s)
    driver=iota_hat T=0.29757 S=0.30 effort=0.0325 active_frac=0.1085 symp_trig=11980757 cases_averted=947736 cases_averted_const=912678 rate_trig=0.02670 rate_const=0.00279 episodes=512.4  (88.6s)
    driver=iota_hat T=0.29757 S=0.20 effort=0.0288 active_frac=0.1441 symp_trig=12105762 cases_averted=822731 cases_averted_const=804915 rate_trig=0.01744 rate_const=0.00246 episodes=618.4  (91.6s)
    driver=iota_hat T=0.29757 S=0.10 effort=0.0232 active_frac=0.2318 symp_trig=12287934 cases_averted=640559 cases_averted_const=644026 rate_trig=0.00844 rate_const=0.00197 episodes=742.9  (91.6s)
    driver=iota_hat T=0.3104 S=0.50 effort=0.0287 active_frac=0.0573 symp_trig=12082738 cases_averted=845756 cases_averted_const=801100 rate_trig=0.04507 rate_const=0.00245 episodes=319.0  (91.9s)
    driver=iota_hat T=0.3104 S=0.40 effort=0.0258 active_frac=0.0645 symp_trig=12177974 cases_averted=750519 cases_averted_const=718602 rate_trig=0.03556 rate_const=0.00220 episodes=349.8  (91.4s)
    driver=iota_hat T=0.3104 S=0.30 effort=0.0226 active_frac=0.0754 symp_trig=12279577 cases_averted=648916 cases_averted_const=628415 rate_trig=0.02629 rate_const=0.00192 episodes=392.7  (91.7s)
    driver=iota_hat T=0.3104 S=0.20 effort=0.0191 active_frac=0.0953 symp_trig=12390957 cases_averted=537536 cases_averted_const=527863 rate_trig=0.01723 rate_const=0.00161 episodes=467.7  (91.5s)
    driver=iota_hat T=0.3104 S=0.10 effort=0.0143 active_frac=0.1429 symp_trig=12536302 cases_averted=392191 cases_averted_const=393276 rate_trig=0.00838 rate_const=0.00120 episodes=585.4  (91.2s)
    driver=iota_hat T=0.32564 S=0.50 effort=0.0143 active_frac=0.0285 symp_trig=12510768 cases_averted=417725 cases_averted_const=392924 rate_trig=0.04474 rate_const=0.00120 episodes=210.0  (91.5s)
    driver=iota_hat T=0.32564 S=0.40 effort=0.0125 active_frac=0.0313 symp_trig=12565934 cases_averted=362559 cases_averted_const=344362 rate_trig=0.03536 rate_const=0.00105 episodes=227.6  (91.4s)
    driver=iota_hat T=0.32564 S=0.30 effort=0.0106 active_frac=0.0354 symp_trig=12625042 cases_averted=303452 cases_averted_const=290953 rate_trig=0.02619 rate_const=0.00089 episodes=250.1  (91.9s)
    driver=iota_hat T=0.32564 S=0.20 effort=0.0084 active_frac=0.0421 symp_trig=12691379 cases_averted=237114 cases_averted_const=230099 rate_trig=0.01721 rate_const=0.00070 episodes=283.6  (91.0s)
    driver=iota_hat T=0.32564 S=0.10 effort=0.0056 active_frac=0.0559 symp_trig=12774175 cases_averted=154319 cases_averted_const=152192 rate_trig=0.00844 rate_const=0.00047 episodes=343.2  (91.3s)
  driver=iota_hat total: 2319.8s

Sweeping trigger grid, driver=phi ...
    driver=phi T=0.28454 S=0.50 effort=0.0533 active_frac=0.1066 symp_trig=11306750 cases_averted=1621743 cases_averted_const=1526533 rate_trig=0.04647 rate_const=0.00466 episodes=348.6  (92.0s)
    driver=phi T=0.28454 S=0.40 effort=0.0473 active_frac=0.1181 symp_trig=11498127 cases_averted=1430366 cases_averted_const=1343929 rate_trig=0.03700 rate_const=0.00411 episodes=329.4  (91.8s)
    driver=phi T=0.28454 S=0.30 effort=0.0396 active_frac=0.1319 symp_trig=11744556 cases_averted=1183937 cases_averted_const=1117105 rate_trig=0.02743 rate_const=0.00341 episodes=341.3  (91.6s)
    driver=phi T=0.28454 S=0.20 effort=0.0396 active_frac=0.1981 symp_trig=11772722 cases_averted=1155771 cases_averted_const=1118867 rate_trig=0.01783 rate_const=0.00342 episodes=560.2  (90.5s)
    driver=phi T=0.28454 S=0.10 effort=0.0350 active_frac=0.3502 symp_trig=11920189 cases_averted=1008304 cases_averted_const=984289 rate_trig=0.00880 rate_const=0.00301 episodes=252.9  (86.4s)
    driver=phi T=0.2912 S=0.50 effort=0.0420 active_frac=0.0840 symp_trig=11660668 cases_averted=1267825 cases_averted_const=1188524 rate_trig=0.04612 rate_const=0.00363 episodes=341.6  (87.2s)
    driver=phi T=0.2912 S=0.40 effort=0.0434 active_frac=0.1085 symp_trig=11637534 cases_averted=1290959 cases_averted_const=1230511 rate_trig=0.03635 rate_const=0.00376 episodes=356.6  (86.9s)
    driver=phi T=0.2912 S=0.30 effort=0.0373 active_frac=0.1244 symp_trig=11823201 cases_averted=1105292 cases_averted_const=1051821 rate_trig=0.02714 rate_const=0.00321 episodes=330.0  (86.8s)
    driver=phi T=0.2912 S=0.20 effort=0.0310 active_frac=0.1550 symp_trig=12022075 cases_averted=906418 cases_averted_const=867827 rate_trig=0.01787 rate_const=0.00265 episodes=350.0  (87.9s)
    driver=phi T=0.2912 S=0.10 effort=0.0287 active_frac=0.2871 symp_trig=12105149 cases_averted=823344 cases_averted_const=802074 rate_trig=0.00876 rate_const=0.00245 episodes=344.6  (86.4s)
    driver=phi T=0.30286 S=0.50 effort=0.0269 active_frac=0.0538 symp_trig=12107842 cases_averted=820651 cases_averted_const=749947 rate_trig=0.04660 rate_const=0.00229 episodes=162.9  (86.4s)
    driver=phi T=0.30286 S=0.40 effort=0.0229 active_frac=0.0572 symp_trig=12241837 cases_averted=686656 cases_averted_const=635688 rate_trig=0.03666 rate_const=0.00194 episodes=187.5  (86.3s)
    driver=phi T=0.30286 S=0.30 effort=0.0247 active_frac=0.0823 symp_trig=12210733 cases_averted=717760 cases_averted_const=687116 rate_trig=0.02666 rate_const=0.00210 episodes=356.8  (86.3s)
    driver=phi T=0.30286 S=0.20 effort=0.0251 active_frac=0.1256 symp_trig=12211607 cases_averted=716886 cases_averted_const=699051 rate_trig=0.01744 rate_const=0.00214 episodes=370.7  (86.4s)
    driver=phi T=0.30286 S=0.10 effort=0.0195 active_frac=0.1947 symp_trig=12378336 cases_averted=550157 cases_averted_const=538759 rate_trig=0.00863 rate_const=0.00165 episodes=460.3  (86.2s)
    driver=phi T=0.31725 S=0.50 effort=0.0239 active_frac=0.0477 symp_trig=12223871 cases_averted=704622 cases_averted_const=662915 rate_trig=0.04511 rate_const=0.00203 episodes=184.2  (86.3s)
    driver=phi T=0.31725 S=0.40 effort=0.0202 active_frac=0.0505 symp_trig=12338696 cases_averted=589797 cases_averted_const=559875 rate_trig=0.03566 rate_const=0.00171 episodes=182.4  (86.2s)
    driver=phi T=0.31725 S=0.30 effort=0.0162 active_frac=0.0541 symp_trig=12460986 cases_averted=467507 cases_averted_const=447427 rate_trig=0.02642 rate_const=0.00137 episodes=180.5  (85.9s)
    driver=phi T=0.31725 S=0.20 effort=0.0121 active_frac=0.0606 symp_trig=12583955 cases_averted=344538 cases_averted_const=332702 rate_trig=0.01738 rate_const=0.00102 episodes=179.5  (85.9s)
    driver=phi T=0.31725 S=0.10 effort=0.0087 active_frac=0.0865 symp_trig=12686850 cases_averted=241643 cases_averted_const=237004 rate_trig=0.00853 rate_const=0.00072 episodes=212.8  (85.9s)
    driver=phi T=0.32686 S=0.50 effort=0.0086 active_frac=0.0172 symp_trig=12681440 cases_averted=247053 cases_averted_const=236004 rate_trig=0.04384 rate_const=0.00072 episodes=183.8  (86.0s)
    driver=phi T=0.32686 S=0.40 effort=0.0079 active_frac=0.0196 symp_trig=12705507 cases_averted=222986 cases_averted_const=214452 rate_trig=0.03470 rate_const=0.00066 episodes=197.3  (86.0s)
    driver=phi T=0.32686 S=0.30 effort=0.0068 active_frac=0.0228 symp_trig=12736707 cases_averted=191786 cases_averted_const=186896 rate_trig=0.02569 rate_const=0.00057 episodes=214.1  (85.9s)
    driver=phi T=0.32686 S=0.20 effort=0.0056 active_frac=0.0280 symp_trig=12774834 cases_averted=153659 cases_averted_const=152416 rate_trig=0.01679 rate_const=0.00047 episodes=232.6  (85.8s)
    driver=phi T=0.32686 S=0.10 effort=0.0037 active_frac=0.0371 symp_trig=12827636 cases_averted=100857 cases_averted_const=100763 rate_trig=0.00830 rate_const=0.00031 episodes=258.6  (86.0s)
  driver=phi total: 2225.7s

Wrote figures to G:\My Drive\Colab Notebooks\all_hackathons\ML_epidemiology\ML_epidemiology_public\research\CB_EWS\code_trigger\figures
