Network: Ekiti road adjacency, 16 towns, eps=0.3, rho=0.15, 3yr horizon (exploratory scan)
Deriving data-driven threshold grid from a diagnostic off run ...
  iota_hat thresholds (p[50, 75, 90]): [0.28842 0.30694 0.32043]
  phi thresholds (p[50, 75, 90]): [0.29286 0.31297 0.32387]

Sweeping trigger grid, driver=iota_hat ...
    driver=iota_hat T=0.28842 S=0.20 effort=0.0305 active_frac=0.1527 symp_trig=3535480 cases_averted=246252 cases_averted_const=261915 rate_trig=0.01642 rate_const=0.00267  (15.0s)
    driver=iota_hat T=0.28842 S=0.15 effort=0.0282 active_frac=0.1878 symp_trig=3558034 cases_averted=223698 cases_averted_const=241258 rate_trig=0.01213 rate_const=0.00246  (14.7s)
    driver=iota_hat T=0.28842 S=0.10 effort=0.0246 active_frac=0.2463 symp_trig=3590237 cases_averted=191495 cases_averted_const=210116 rate_trig=0.00792 rate_const=0.00214  (15.3s)
    driver=iota_hat T=0.28842 S=0.05 effort=0.0171 active_frac=0.3417 symp_trig=3653837 cases_averted=127895 cases_averted_const=144961 rate_trig=0.00381 rate_const=0.00148  (17.4s)
    driver=iota_hat T=0.30694 S=0.20 effort=0.0165 active_frac=0.0824 symp_trig=3651595 cases_averted=130137 cases_averted_const=139378 rate_trig=0.01608 rate_const=0.00142  (14.7s)
    driver=iota_hat T=0.30694 S=0.15 effort=0.0147 active_frac=0.0983 symp_trig=3667279 cases_averted=114453 cases_averted_const=124466 rate_trig=0.01186 rate_const=0.00127  (14.2s)
    driver=iota_hat T=0.30694 S=0.10 effort=0.0124 active_frac=0.1238 symp_trig=3687264 cases_averted=94468 cases_averted_const=104901 rate_trig=0.00777 rate_const=0.00107  (13.9s)
    driver=iota_hat T=0.30694 S=0.05 effort=0.0085 active_frac=0.1701 symp_trig=3718817 cases_averted=62915 cases_averted_const=71693 rate_trig=0.00377 rate_const=0.00073  (14.1s)
    driver=iota_hat T=0.32043 S=0.20 effort=0.0086 active_frac=0.0429 symp_trig=3715478 cases_averted=66255 cases_averted_const=72107 rate_trig=0.01573 rate_const=0.00073  (17.1s)
    driver=iota_hat T=0.32043 S=0.15 effort=0.0073 active_frac=0.0484 symp_trig=3726161 cases_averted=55571 cases_averted_const=61226 rate_trig=0.01168 rate_const=0.00062  (14.0s)
    driver=iota_hat T=0.32043 S=0.10 effort=0.0058 active_frac=0.0580 symp_trig=3738152 cases_averted=43580 cases_averted_const=48558 rate_trig=0.00765 rate_const=0.00049  (14.8s)
    driver=iota_hat T=0.32043 S=0.05 effort=0.0037 active_frac=0.0731 symp_trig=3754873 cases_averted=26859 cases_averted_const=30407 rate_trig=0.00374 rate_const=0.00031  (14.8s)
  driver=iota_hat total: 187.8s

Sweeping trigger grid, driver=phi ...
    driver=phi T=0.29286 S=0.20 effort=0.0235 active_frac=0.1177 symp_trig=3583446 cases_averted=198286 cases_averted_const=200582 rate_trig=0.01716 rate_const=0.00204  (15.0s)
    driver=phi T=0.29286 S=0.15 effort=0.0225 active_frac=0.1500 symp_trig=3594669 cases_averted=187063 cases_averted_const=191454 rate_trig=0.01270 rate_const=0.00195  (18.5s)
    driver=phi T=0.29286 S=0.10 effort=0.0210 active_frac=0.2104 symp_trig=3609182 cases_averted=172550 cases_averted_const=178927 rate_trig=0.00835 rate_const=0.00182  (23.0s)
    driver=phi T=0.29286 S=0.05 effort=0.0168 active_frac=0.3357 symp_trig=3651352 cases_averted=130381 cases_averted_const=142263 rate_trig=0.00396 rate_const=0.00145  (14.3s)
    driver=phi T=0.31297 S=0.20 effort=0.0095 active_frac=0.0477 symp_trig=3702195 cases_averted=79537 cases_averted_const=80400 rate_trig=0.01698 rate_const=0.00082  (14.2s)
    driver=phi T=0.31297 S=0.15 effort=0.0084 active_frac=0.0559 symp_trig=3712762 cases_averted=68970 cases_averted_const=70750 rate_trig=0.01256 rate_const=0.00072  (14.2s)
    driver=phi T=0.31297 S=0.10 effort=0.0078 active_frac=0.0775 symp_trig=3719649 cases_averted=62083 cases_averted_const=65086 rate_trig=0.00816 rate_const=0.00066  (15.0s)
    driver=phi T=0.31297 S=0.05 effort=0.0073 active_frac=0.1470 symp_trig=3724819 cases_averted=56913 cases_averted_const=61821 rate_trig=0.00394 rate_const=0.00063  (14.4s)
    driver=phi T=0.32387 S=0.20 effort=0.0061 active_frac=0.0303 symp_trig=3734329 cases_averted=47403 cases_averted_const=50589 rate_trig=0.01595 rate_const=0.00052  (13.9s)
    driver=phi T=0.32387 S=0.15 effort=0.0050 active_frac=0.0331 symp_trig=3743371 cases_averted=38361 cases_averted_const=41456 rate_trig=0.01181 rate_const=0.00042  (14.5s)
    driver=phi T=0.32387 S=0.10 effort=0.0038 active_frac=0.0377 symp_trig=3753131 cases_averted=28602 cases_averted_const=31381 rate_trig=0.00772 rate_const=0.00032  (16.2s)
    driver=phi T=0.32387 S=0.05 effort=0.0025 active_frac=0.0504 symp_trig=3762786 cases_averted=18946 cases_averted_const=21063 rate_trig=0.00383 rate_const=0.00021  (14.6s)
  driver=phi total: 196.8s

Wrote figures to G:\My Drive\Colab Notebooks\all_hackathons\ML_epidemiology\ML_epidemiology_public\research\CB_EWS\code_trigger\figures
